Betti Loss module defined.
Starting with baseline val_bpb from best_model.pt: 0.412271
--- NIGHT SHIFT STARTING AT 20:21:00 ---
Logging to: sprint_logs/sprint_log_2026-05-28_20-21-00_night_shift.md
Cycle 1: Sampled duplicate config (loss_fiber_bce=0.2). Re-sampling for entropy...
Cycle 1: Sampled duplicate config (architecture=resenc_unet). Re-sampling for entropy...

Cycle 1: Applying lr_0.0005 (Family Weight: 1.0)
Running 60-minute training for lr_0.0005...
No improvement. (val_bpb: 0.4154044234752655, best was: 0.412271)
Cycle 2: Sampled duplicate config (batch_size=16). Re-sampling for entropy...
Cycle 2: Skipping num_layers_24 (Complexity Score 2.00 > 1.5) to avoid OOM.
Cycle 3: Sampled duplicate config (aug_mode=batchgeneratorsv2). Re-sampling for entropy...
Cycle 3: Skipping num_layers_32 (Complexity Score 2.67 > 1.5) to avoid OOM.

Cycle 4: Applying aug_scroll_squeeze_p_0.0 (Family Weight: 1.0)
Running 60-minute training for aug_scroll_squeeze_p_0.0...
No improvement. (val_bpb: 0.4153934344649315, best was: 0.412271)

Cycle 5: Applying loss_st_0.0 (Family Weight: 1.0)
Running 60-minute training for loss_st_0.0...
No improvement. (val_bpb: 0.41642148420214653, best was: 0.412271)
Cycle 5: Running Benchmark Inference...
/home/jon/openclaw-workspace/Neo-VM/projects/vesuvius-autoresearch/predict.py:342: DeprecationWarning: __array__ implementation doesn't accept a copy keyword, so passing copy=False failed. __array__ must implement 'dtype' and 'copy' keyword arguments. To learn more, see the migration guide https://numpy.org/devdocs/numpy_2_0_migration_guide.html#adapting-to-changes-in-the-copy-keyword
  ct_slice = np.array(ct_full[0], dtype=np.float32)
Loading volume from local_data/PHercParis2Fr143/surface_volume.zarr...
Detected OME-Zarr: Using level 0 at local_data/PHercParis2Fr143/surface_volume.zarr/0
Starting Soft-Tiling Inference: 64x64 (stride=64)...
Exported uncertainty mask for proofreading: reports/pred_10_1000_1000_64x64_uncertain
Warning: Volume too thin (1 slices) for ridge detection; using zero ridges.

Prediction Complete!
Region: 64x64 at Z=10, Y=1000, X=1000
Visualization saved to reports/benchmark_v210_cycle5.png
Metadata saved to predictions/pred_10_1000_1000_64x64_meta.json
Cycle 6: Sampled duplicate config (loss_st=0.0). Re-sampling for entropy...
Cycle 6: Sampled duplicate config (aug_scroll_decohesion_p=0.5). Re-sampling for entropy...
Cycle 6: Sampled duplicate config (batch_size=16). Re-sampling for entropy...
Cycle 6: Sampled duplicate config (weight_decay=0.01). Re-sampling for entropy...

Cycle 6: Applying dropout_0.1 (Family Weight: 1.0)
Running 60-minute training for dropout_0.1...
No improvement. (val_bpb: 0.41451274514198305, best was: 0.412271)
Cycle 7: Sampled duplicate config (patch_size=96). Re-sampling for entropy...
Cycle 7: Sampled duplicate config (dropout=0.2). Re-sampling for entropy...
Cycle 7: Skipping batch_size_24 (Complexity Score 2.00 > 1.5) to avoid OOM.
Cycle 8: Sampled duplicate config (aug_scroll_z_dropout_p=0.25). Re-sampling for entropy...
Cycle 8: Sampled duplicate config (loss_fiber_bce=0.1). Re-sampling for entropy...

Cycle 8: Applying aug_mode_albumentations (Family Weight: 1.0)
Running 60-minute training for aug_mode_albumentations...
No improvement. (val_bpb: 0.41451274514198305, best was: 0.412271)
Cycle 9: Sampled duplicate config (patch_size=64). Re-sampling for entropy...
Cycle 9: Sampled duplicate config (use_ridges=True). Re-sampling for entropy...

Cycle 9: Applying aug_scroll_z_dropout_p_0.5 (Family Weight: 1.0)
Running 60-minute training for aug_scroll_z_dropout_p_0.5...
No improvement. (val_bpb: 0.4147816215455532, best was: 0.412271)
Cycle 10: Injecting FIXED GP-WINNER BASELINE for calibration...
Warning: filtering val_uri ('local_data/PHercParis2Fr143/surface_volume.zarr') out of unlabeled_uris to prevent UA-MT data leakage. Was ['local_data/PHercParis2Fr143/surface_volume.zarr', 'local_data/PHercParis2Fr47/surface_volume.zarr']; now ['local_data/PHercParis2Fr47/surface_volume.zarr'].
Cycle 10: Skipping gp_winner_baseline (Complexity Score 74.67 > 1.5) to avoid OOM.
Cycle 11: Sampled duplicate config (loss_ink_dice=0.4). Re-sampling for entropy...

Cycle 11: Applying loss_st_0.2 (Family Weight: 1.0)
Running 60-minute training for loss_st_0.2...
No improvement. (val_bpb: 0.41451274514198305, best was: 0.412271)
Cycle 12: Sampled duplicate config (loss_st=0.0). Re-sampling for entropy...
Cycle 12: Sampled duplicate config (loss_ink_bce=0.6). Re-sampling for entropy...
Cycle 12: Sampled duplicate config (multi_task_heads=False). Re-sampling for entropy...
Cycle 12: Sampled duplicate config (ridge_sigma=1.0). Re-sampling for entropy...
Cycle 12: Sampled duplicate config (patch_size=64). Re-sampling for entropy...
Cycle 12: Sampled duplicate config (ridge_sigma=1.0). Re-sampling for entropy...
Cycle 12: Sampled duplicate config (multi_task_heads=True). Re-sampling for entropy...

Cycle 12: Applying use_lasagna_True (Family Weight: 1.0)
Running 60-minute training for use_lasagna_True...
No improvement. (val_bpb: 0.41451274514198305, best was: 0.412271)

Cycle 13: Applying lr_0.001 (Family Weight: 1.0)
Running 60-minute training for lr_0.001...
No improvement. (val_bpb: 0.41501339852809904, best was: 0.412271)

Cycle 14: Applying lr_5e-05 (Family Weight: 1.0)
Running 60-minute training for lr_5e-05...
No improvement. (val_bpb: 0.41451274514198305, best was: 0.412271)
Cycle 15: Sampled duplicate config (dropout=0.1). Re-sampling for entropy...
Cycle 15: Sampled duplicate config (loss_st=0.0). Re-sampling for entropy...
Cycle 15: Sampled duplicate config (num_layers=32). Re-sampling for entropy...

Cycle 15: Applying ridge_sigma_3.0 (Family Weight: 1.0)
Running 60-minute training for ridge_sigma_3.0...
No improvement. (val_bpb: 0.41451274514198305, best was: 0.412271)
Cycle 15: Running Benchmark Inference...
/home/jon/openclaw-workspace/Neo-VM/projects/vesuvius-autoresearch/predict.py:342: DeprecationWarning: __array__ implementation doesn't accept a copy keyword, so passing copy=False failed. __array__ must implement 'dtype' and 'copy' keyword arguments. To learn more, see the migration guide https://numpy.org/devdocs/numpy_2_0_migration_guide.html#adapting-to-changes-in-the-copy-keyword
  ct_slice = np.array(ct_full[0], dtype=np.float32)
Loading volume from local_data/PHercParis2Fr143/surface_volume.zarr...
Detected OME-Zarr: Using level 0 at local_data/PHercParis2Fr143/surface_volume.zarr/0
Starting Soft-Tiling Inference: 64x64 (stride=64)...
Exported uncertainty mask for proofreading: reports/pred_10_1000_1000_64x64_uncertain
Warning: Volume too thin (1 slices) for ridge detection; using zero ridges.

Prediction Complete!
Region: 64x64 at Z=10, Y=1000, X=1000
Visualization saved to reports/benchmark_v210_cycle15.png
Metadata saved to predictions/pred_10_1000_1000_64x64_meta.json
NIGHT SHIFT end reached (hour=7). Ending sprint.

============================================================
ACTIVE LEARNING FLYWHEEL: It is highly recommended to run the Proofreader
on the latest predictions before starting the Day Shift.
Run: uv run scripts/launch_proofreader.py --volume local_data/PHercParis2Fr47/surface_volume.zarr --predictions predictions/pred_10_1000_1000_64x64_ink.zarr
============================================================

